
User@DESKTOP-E3I4KSJ MINGW64 ~/Desktop/GitTest (master)
$ git add --all

User@DESKTOP-E3I4KSJ MINGW64 ~/Desktop/GitTest (master)
$ git status
On branch master
Changes to be committed:
  (use "git restore --staged <file>..." to unstage)
        modified:   index.html


User@DESKTOP-E3I4KSJ MINGW64 ~/Desktop/GitTest (master)
$ ^[[200~$ b
bash: $'\E[200~$': command not found

User@DESKTOP-E3I4KSJ MINGW64 ~/Desktop/GitTest (master)
$ git commit -m "my master one"
[master f914f92] my master one
 1 file changed, 11 insertions(+)

User@DESKTOP-E3I4KSJ MINGW64 ~/Desktop/GitTest (master)
$ git status
On branch master
nothing to commit, working tree clean

User@DESKTOP-E3I4KSJ MINGW64 ~/Desktop/GitTest (master)
$ git checkout test
Switched to branch 'test'

User@DESKTOP-E3I4KSJ MINGW64 ~/Desktop/GitTest (test)
$ git status
On branch test
nothing to commit, working tree clean

User@DESKTOP-E3I4KSJ MINGW64 ~/Desktop/GitTest (test)
$ git  checkout master
Switched to branch 'master'

User@DESKTOP-E3I4KSJ MINGW64 ~/Desktop/GitTest (master)
$ git status
On branch master
nothing to commit, working tree clean

User@DESKTOP-E3I4KSJ MINGW64 ~/Desktop/GitTest (master)
$ git status
On branch master
Untracked files:
  (use "git add <file>..." to include in what will be committed)
        README.md

nothing added to commit but untracked files present (use "git add" to track)

User@DESKTOP-E3I4KSJ MINGW64 ~/Desktop/GitTest (master)
$ git --all
unknown option: --all
usage: git [-v | --version] [-h | --help] [-C <path>] [-c <name>=<value>]
           [--exec-path[=<path>]] [--html-path] [--man-path] [--info-path]
           [-p | --paginate | -P | --no-pager] [--no-replace-objects] [--no-lazy
-fetch]
           [--no-optional-locks] [--no-advice] [--bare] [--git-dir=<path>]
           [--work-tree=<path>] [--namespace=<name>] [--config-env=<name>=<envva
r>]
           <command> [<args>]

User@DESKTOP-E3I4KSJ MINGW64 ~/Desktop/GitTest (master)
$ git add --all

User@DESKTOP-E3I4KSJ MINGW64 ~/Desktop/GitTest (master)
$ git status
On branch master
Changes to be committed:
  (use "git restore --staged <file>..." to unstage)
        new file:   README.md


User@DESKTOP-E3I4KSJ MINGW64 ~/Desktop/GitTest (master)
$ git commit -m "my read me one"
[master 4321dde] my read me one
 1 file changed, 0 insertions(+), 0 deletions(-)
 create mode 100644 README.md

User@DESKTOP-E3I4KSJ MINGW64 ~/Desktop/GitTest (master)
$ git status
On branch master
nothing to commit, working tree clean

User@DESKTOP-E3I4KSJ MINGW64 ~/Desktop/GitTest (master)
$ git checkout test
Switched to branch 'test'

User@DESKTOP-E3I4KSJ MINGW64 ~/Desktop/GitTest (test)
$ git merge master
Updating ebecaa9..4321dde
Fast-forward
 README.md  |  0
 index.html | 11 +++++++++++
 2 files changed, 11 insertions(+)
 create mode 100644 README.md

User@DESKTOP-E3I4KSJ MINGW64 ~/Desktop/GitTest (test)
$
